---
source: src/interno/assinatura.rs
expression: out
---
<SignedInfo xmlns="http://www.w3.org/2000/09/xmldsig#"><CanonicalizationMethod Algorithm="http://www.w3.org/TR/2001/REC-xml-c14n-20010315"></CanonicalizationMethod><SignatureMethod Algorithm="http://www.w3.org/2000/09/xmldsig#rsa-sha1"></SignatureMethod><Reference URI="#ID1101113500000000000000000055001000000000100000000101"><Transforms><Transform Algorithm="http://www.w3.org/2000/09/xmldsig#enveloped-signature"></Transform><Transform Algorithm="http://www.w3.org/TR/2001/REC-xml-c14n-20010315"></Transform></Transforms><DigestMethod Algorithm="http://www.w3.org/2000/09/xmldsig#sha1"></DigestMethod><DigestValue>RGlnZXN0Rml4bw==</DigestValue></Reference></SignedInfo>
